dev\mrflyn\replayaddon\configs\language\en.class
dev\mrflyn\replayaddon\managers\IManager.class
dev\mrflyn\replayaddon\versionutils\SupportPAPI$withPAPI.class
dev\mrflyn\replayaddon\versionutils\SupportPAPI.class
dev\mrflyn\replayaddon\configs\confighelper\AutoConfig.class
dev\mrflyn\replayaddon\spigui\pagination\SGPaginationButtonBuilder.class
dev\mrflyn\replayaddon\advancedreplayhook\GameReplayHandler.class
dev\mrflyn\replayaddon\commands\ViewCommand.class
dev\mrflyn\replayaddon\spigui\menu\SGMenuListener.class
dev\mrflyn\replayaddon\commands\JumpToCommand.class
dev\mrflyn\replayaddon\spigui\buttons\SGButton.class
dev\mrflyn\replayaddon\versionutils\ItemDataColor.class
dev\mrflyn\replayaddon\configs\confighelper\AdvancedReplayUtil.class
dev\mrflyn\replayaddon\managers\recordingmode\RecordingManager.class
dev\mrflyn\replayaddon\guis\Button.class
dev\mrflyn\replayaddon\ReplayAddonMain.class
dev\mrflyn\replayaddon\managers\playingmode\PlayingManager.class
dev\mrflyn\replayaddon\guis\GuiHandler.class
dev\mrflyn\replayaddon\managers\sharedmode\SharedManager.class
dev\mrflyn\replayaddon\managers\playingmode\PlayingListener.class
dev\mrflyn\replayaddon\spigui\menu\SGOpenMenu.class
dev\mrflyn\replayaddon\advancedreplayhook\GameReplayCache.class
dev\mrflyn\replayaddon\guis\Buttons.class
dev\mrflyn\replayaddon\commands\handler\SubCommand.class
dev\mrflyn\replayaddon\managers\proxymode\IProxyManager.class
dev\mrflyn\replayaddon\managers\proxymode\proxylobbymanager\ProxyLobbyManager.class
dev\mrflyn\replayaddon\commands\AutoConfigCommand.class
dev\mrflyn\replayaddon\guis\CustomReplaySessionSettings.class
dev\mrflyn\replayaddon\spigui\SpiGUI$1.class
dev\mrflyn\replayaddon\databases\MySQL.class
dev\mrflyn\replayaddon\commands\GamesCommand.class
dev\mrflyn\replayaddon\managers\proxymode\ProxyModeManager.class
dev\mrflyn\replayaddon\versionutils\SupportPAPI$supp.class
dev\mrflyn\replayaddon\databases\SQLite.class
dev\mrflyn\replayaddon\spigui\SGMenu.class
dev\mrflyn\replayaddon\databases\PostgreSQL.class
dev\mrflyn\replayaddon\managers\recordingmode\RecordingListener.class
dev\mrflyn\replayaddon\configs\language\ILang.class
dev\mrflyn\replayaddon\managers\sharedmode\SharedManager$1.class
dev\mrflyn\replayaddon\guis\replaysessionguis\MoreSettingsGUI.class
dev\mrflyn\replayaddon\advancedreplayhook\ChatTimelineHook.class
dev\mrflyn\replayaddon\guis\ChatTimeline.class
dev\mrflyn\replayaddon\managers\playingmode\PlayingManager$1.class
dev\mrflyn\replayaddon\guis\replaysessionguis\BookMarksGUI.class
dev\mrflyn\replayaddon\managers\sharedmode\SharedListener.class
dev\mrflyn\replayaddon\versionutils\Util.class
dev\mrflyn\replayaddon\advancedreplayhook\PlayerInfo.class
dev\mrflyn\replayaddon\managers\proxymode\proxyplayingmode\ProxyPlayingManager.class
dev\mrflyn\replayaddon\advancedreplayhook\ProxyData.class
dev\mrflyn\replayaddon\commands\ReloadCommand.class
dev\mrflyn\replayaddon\configs\confighelper\BW1058Util.class
dev\mrflyn\replayaddon\guis\replaysessionguis\ViewerSettingsGUI.class
dev\mrflyn\replayaddon\configs\ConfigManager.class
dev\mrflyn\replayaddon\databases\IDatabase.class
dev\mrflyn\replayaddon\guis\PlayerReplaysGUI.class
dev\mrflyn\replayaddon\spigui\pagination\SGPaginationButtonType.class
dev\mrflyn\replayaddon\configs\Messages.class
dev\mrflyn\replayaddon\managers\proxymode\proxyplayingmode\ProxyPlayingListener.class
dev\mrflyn\replayaddon\advancedreplayhook\StartQueue.class
dev\mrflyn\replayaddon\commands\handler\MainCommand.class
dev\mrflyn\replayaddon\versionutils\ItemBuilder.class
dev\mrflyn\replayaddon\versionutils\XMaterial$Data.class
dev\mrflyn\replayaddon\managers\proxymode\proxyplayingmode\ProxyPlayingManager$1.class
dev\mrflyn\replayaddon\spigui\SpiGUI.class
dev\mrflyn\replayaddon\managers\proxymode\proxylobbymanager\ProxyLobbyListener.class
dev\mrflyn\replayaddon\versionutils\SkullCreator.class
dev\mrflyn\replayaddon\versionutils\SupportPAPI$noPAPI.class
dev\mrflyn\replayaddon\versionutils\XMaterial.class
dev\mrflyn\replayaddon\spigui\buttons\SGButtonListener.class
