H:\ReplayAddon-BW1058\src\main\java\dev\mrflyn\replayaddon\guis\GuiHandler.java
H:\ReplayAddon-BW1058\src\main\java\dev\mrflyn\replayaddon\managers\recordingmode\RecordingManager.java
H:\ReplayAddon-BW1058\src\main\java\dev\mrflyn\replayaddon\managers\proxymode\proxylobbymanager\ProxyLobbyListener.java
H:\ReplayAddon-BW1058\src\main\java\dev\mrflyn\replayaddon\managers\sharedmode\SharedListener.java
H:\ReplayAddon-BW1058\src\main\java\dev\mrflyn\replayaddon\advancedreplayhook\PlayerInfo.java
H:\ReplayAddon-BW1058\src\main\java\dev\mrflyn\replayaddon\configs\language\ILang.java
H:\ReplayAddon-BW1058\src\main\java\dev\mrflyn\replayaddon\configs\language\en.java
H:\ReplayAddon-BW1058\src\main\java\dev\mrflyn\replayaddon\managers\playingmode\PlayingListener.java
H:\ReplayAddon-BW1058\src\main\java\dev\mrflyn\replayaddon\commands\handler\MainCommand.java
H:\ReplayAddon-BW1058\src\main\java\dev\mrflyn\replayaddon\managers\proxymode\proxylobbymanager\ProxyLobbyManager.java
H:\ReplayAddon-BW1058\src\main\java\dev\mrflyn\replayaddon\spigui\pagination\SGPaginationButtonBuilder.java
H:\ReplayAddon-BW1058\src\main\java\dev\mrflyn\replayaddon\advancedreplayhook\ProxyData.java
H:\ReplayAddon-BW1058\src\main\java\dev\mrflyn\replayaddon\databases\IDatabase.java
H:\ReplayAddon-BW1058\src\main\java\dev\mrflyn\replayaddon\guis\Buttons.java
H:\ReplayAddon-BW1058\src\main\java\dev\mrflyn\replayaddon\databases\PostgreSQL.java
H:\ReplayAddon-BW1058\src\main\java\dev\mrflyn\replayaddon\spigui\pagination\SGPaginationButtonType.java
H:\ReplayAddon-BW1058\src\main\java\dev\mrflyn\replayaddon\versionutils\SkullCreator.java
H:\ReplayAddon-BW1058\src\main\java\dev\mrflyn\replayaddon\ReplayAddonMain.java
H:\ReplayAddon-BW1058\src\main\java\dev\mrflyn\replayaddon\versionutils\Util.java
H:\ReplayAddon-BW1058\src\main\java\dev\mrflyn\replayaddon\guis\CustomReplaySessionSettings.java
H:\ReplayAddon-BW1058\src\main\java\dev\mrflyn\replayaddon\spigui\menu\SGMenuListener.java
H:\ReplayAddon-BW1058\src\main\java\dev\mrflyn\replayaddon\commands\GamesCommand.java
H:\ReplayAddon-BW1058\src\main\java\dev\mrflyn\replayaddon\versionutils\ItemBuilder.java
H:\ReplayAddon-BW1058\src\main\java\dev\mrflyn\replayaddon\managers\recordingmode\RecordingListener.java
H:\ReplayAddon-BW1058\src\main\java\dev\mrflyn\replayaddon\managers\sharedmode\SharedManager.java
H:\ReplayAddon-BW1058\src\main\java\dev\mrflyn\replayaddon\spigui\buttons\SGButton.java
H:\ReplayAddon-BW1058\src\main\java\dev\mrflyn\replayaddon\guis\replaysessionguis\ViewerSettingsGUI.java
H:\ReplayAddon-BW1058\src\main\java\dev\mrflyn\replayaddon\advancedreplayhook\ChatTimelineHook.java
H:\ReplayAddon-BW1058\src\main\java\dev\mrflyn\replayaddon\managers\playingmode\PlayingManager.java
H:\ReplayAddon-BW1058\src\main\java\dev\mrflyn\replayaddon\spigui\buttons\SGButtonListener.java
H:\ReplayAddon-BW1058\src\main\java\dev\mrflyn\replayaddon\configs\ConfigManager.java
H:\ReplayAddon-BW1058\src\main\java\dev\mrflyn\replayaddon\versionutils\XMaterial.java
H:\ReplayAddon-BW1058\src\main\java\dev\mrflyn\replayaddon\managers\proxymode\IProxyManager.java
H:\ReplayAddon-BW1058\src\main\java\dev\mrflyn\replayaddon\commands\handler\SubCommand.java
H:\ReplayAddon-BW1058\src\main\java\dev\mrflyn\replayaddon\spigui\SGMenu.java
H:\ReplayAddon-BW1058\src\main\java\dev\mrflyn\replayaddon\guis\PlayerReplaysGUI.java
H:\ReplayAddon-BW1058\src\main\java\dev\mrflyn\replayaddon\managers\proxymode\ProxyModeManager.java
H:\ReplayAddon-BW1058\src\main\java\dev\mrflyn\replayaddon\managers\IManager.java
H:\ReplayAddon-BW1058\src\main\java\dev\mrflyn\replayaddon\advancedreplayhook\GameReplayHandler.java
H:\ReplayAddon-BW1058\src\main\java\dev\mrflyn\replayaddon\guis\replaysessionguis\BookMarksGUI.java
H:\ReplayAddon-BW1058\src\main\java\dev\mrflyn\replayaddon\advancedreplayhook\GameReplayCache.java
H:\ReplayAddon-BW1058\src\main\java\dev\mrflyn\replayaddon\guis\ChatTimeline.java
H:\ReplayAddon-BW1058\src\main\java\dev\mrflyn\replayaddon\commands\JumpToCommand.java
H:\ReplayAddon-BW1058\src\main\java\dev\mrflyn\replayaddon\spigui\SpiGUI.java
H:\ReplayAddon-BW1058\src\main\java\dev\mrflyn\replayaddon\databases\SQLite.java
H:\ReplayAddon-BW1058\src\main\java\dev\mrflyn\replayaddon\guis\Button.java
H:\ReplayAddon-BW1058\src\main\java\dev\mrflyn\replayaddon\advancedreplayhook\StartQueue.java
H:\ReplayAddon-BW1058\src\main\java\dev\mrflyn\replayaddon\versionutils\SupportPAPI.java
H:\ReplayAddon-BW1058\src\main\java\dev\mrflyn\replayaddon\configs\Messages.java
H:\ReplayAddon-BW1058\src\main\java\dev\mrflyn\replayaddon\managers\proxymode\proxyplayingmode\ProxyPlayingManager.java
H:\ReplayAddon-BW1058\src\main\java\dev\mrflyn\replayaddon\commands\ReloadCommand.java
H:\ReplayAddon-BW1058\src\main\java\dev\mrflyn\replayaddon\spigui\menu\SGOpenMenu.java
H:\ReplayAddon-BW1058\src\main\java\dev\mrflyn\replayaddon\managers\proxymode\proxyplayingmode\ProxyPlayingListener.java
H:\ReplayAddon-BW1058\src\main\java\dev\mrflyn\replayaddon\guis\replaysessionguis\MoreSettingsGUI.java
H:\ReplayAddon-BW1058\src\main\java\dev\mrflyn\replayaddon\commands\ViewCommand.java
H:\ReplayAddon-BW1058\src\main\java\dev\mrflyn\replayaddon\databases\MySQL.java
H:\ReplayAddon-BW1058\src\main\java\dev\mrflyn\replayaddon\versionutils\ItemDataColor.java
